d:\graduate\μc_os-ii\rtos_m11315050_pa2_cus\microsoft\windows\kernel\os2\vs\os2\debug\vc143.pdb
d:\graduate\μc_os-ii\rtos_m11315050_pa2_cus\microsoft\windows\kernel\os2\vs\os2\debug\vc143.idb
d:\graduate\μc_os-ii\rtos_m11315050_pa2_cus\microsoft\windows\kernel\os2\vs\os2\debug\app_hooks.obj
d:\graduate\μc_os-ii\rtos_m11315050_pa2_cus\microsoft\windows\kernel\os2\vs\os2\debug\bsp_cpu.obj
d:\graduate\μc_os-ii\rtos_m11315050_pa2_cus\microsoft\windows\kernel\os2\vs\os2\debug\os_tmr.obj
d:\graduate\μc_os-ii\rtos_m11315050_pa2_cus\microsoft\windows\kernel\os2\vs\os2\debug\os_time.obj
d:\graduate\μc_os-ii\rtos_m11315050_pa2_cus\microsoft\windows\kernel\os2\vs\os2\debug\os_task.obj
d:\graduate\μc_os-ii\rtos_m11315050_pa2_cus\microsoft\windows\kernel\os2\vs\os2\debug\os_sem.obj
d:\graduate\μc_os-ii\rtos_m11315050_pa2_cus\microsoft\windows\kernel\os2\vs\os2\debug\os_q.obj
d:\graduate\μc_os-ii\rtos_m11315050_pa2_cus\microsoft\windows\kernel\os2\vs\os2\debug\os_mutex.obj
d:\graduate\μc_os-ii\rtos_m11315050_pa2_cus\microsoft\windows\kernel\os2\vs\os2\debug\os_mem.obj
d:\graduate\μc_os-ii\rtos_m11315050_pa2_cus\microsoft\windows\kernel\os2\vs\os2\debug\os_mbox.obj
d:\graduate\μc_os-ii\rtos_m11315050_pa2_cus\microsoft\windows\kernel\os2\vs\os2\debug\os_flag.obj
d:\graduate\μc_os-ii\rtos_m11315050_pa2_cus\microsoft\windows\kernel\os2\vs\os2\debug\os_dbg_r.obj
d:\graduate\μc_os-ii\rtos_m11315050_pa2_cus\microsoft\windows\kernel\os2\vs\os2\debug\os_core.obj
d:\graduate\μc_os-ii\rtos_m11315050_pa2_cus\microsoft\windows\kernel\os2\vs\os2\debug\os_cpu_c.obj
d:\graduate\μc_os-ii\rtos_m11315050_pa2_cus\microsoft\windows\kernel\os2\vs\os2\debug\lib_str.obj
d:\graduate\μc_os-ii\rtos_m11315050_pa2_cus\microsoft\windows\kernel\os2\vs\os2\debug\lib_mem.obj
d:\graduate\μc_os-ii\rtos_m11315050_pa2_cus\microsoft\windows\kernel\os2\vs\os2\debug\lib_math.obj
d:\graduate\μc_os-ii\rtos_m11315050_pa2_cus\microsoft\windows\kernel\os2\vs\os2\debug\lib_ascii.obj
d:\graduate\μc_os-ii\rtos_m11315050_pa2_cus\microsoft\windows\kernel\os2\vs\os2\debug\cpu_c.obj
d:\graduate\μc_os-ii\rtos_m11315050_pa2_cus\microsoft\windows\kernel\os2\vs\os2\debug\cpu_core.obj
d:\graduate\μc_os-ii\rtos_m11315050_pa2_cus\microsoft\windows\kernel\os2\vs\os2\debug\main.obj
d:\graduate\μc_os-ii\rtos_m11315050_pa2_cus\microsoft\windows\kernel\os2\vs\os2\debug\os2.ilk
d:\graduate\μc_os-ii\rtos_m11315050_pa2_cus\microsoft\windows\kernel\os2\vs\os2\debug\os_core.obj.enc
d:\graduate\μc_os-ii\rtos_m11315050_pa2_cus\microsoft\windows\kernel\os2\vs\debug\os2.pdb
d:\graduate\μc_os-ii\rtos_m11315050_pa2_cus\microsoft\windows\kernel\os2\vs\debug\os2.ilk
d:\graduate\μc_os-ii\rtos_m11315050_pa2_cus\microsoft\windows\kernel\os2\vs\os2\debug\os2.tlog\cl.command.1.tlog
d:\graduate\μc_os-ii\rtos_m11315050_pa2_cus\microsoft\windows\kernel\os2\vs\os2\debug\os2.tlog\cl.items.tlog
d:\graduate\μc_os-ii\rtos_m11315050_pa2_cus\microsoft\windows\kernel\os2\vs\os2\debug\os2.tlog\cl.read.1.tlog
d:\graduate\μc_os-ii\rtos_m11315050_pa2_cus\microsoft\windows\kernel\os2\vs\os2\debug\os2.tlog\cl.write.1.tlog
d:\graduate\μc_os-ii\rtos_m11315050_pa2_cus\microsoft\windows\kernel\os2\vs\os2\debug\os2.tlog\link-cvtres.read.1.tlog
d:\graduate\μc_os-ii\rtos_m11315050_pa2_cus\microsoft\windows\kernel\os2\vs\os2\debug\os2.tlog\link-cvtres.write.1.tlog
d:\graduate\μc_os-ii\rtos_m11315050_pa2_cus\microsoft\windows\kernel\os2\vs\os2\debug\os2.tlog\link-rc.read.1.tlog
d:\graduate\μc_os-ii\rtos_m11315050_pa2_cus\microsoft\windows\kernel\os2\vs\os2\debug\os2.tlog\link-rc.write.1.tlog
d:\graduate\μc_os-ii\rtos_m11315050_pa2_cus\microsoft\windows\kernel\os2\vs\os2\debug\os2.tlog\link.39328-cvtres.read.1.tlog
d:\graduate\μc_os-ii\rtos_m11315050_pa2_cus\microsoft\windows\kernel\os2\vs\os2\debug\os2.tlog\link.39328-cvtres.write.1.tlog
d:\graduate\μc_os-ii\rtos_m11315050_pa2_cus\microsoft\windows\kernel\os2\vs\os2\debug\os2.tlog\link.39328-rc.read.1.tlog
d:\graduate\μc_os-ii\rtos_m11315050_pa2_cus\microsoft\windows\kernel\os2\vs\os2\debug\os2.tlog\link.39328-rc.write.1.tlog
d:\graduate\μc_os-ii\rtos_m11315050_pa2_cus\microsoft\windows\kernel\os2\vs\os2\debug\os2.tlog\link.39328.read.1.tlog
d:\graduate\μc_os-ii\rtos_m11315050_pa2_cus\microsoft\windows\kernel\os2\vs\os2\debug\os2.tlog\link.39328.write.1.tlog
d:\graduate\μc_os-ii\rtos_m11315050_pa2_cus\microsoft\windows\kernel\os2\vs\os2\debug\os2.tlog\link.command.1.tlog
d:\graduate\μc_os-ii\rtos_m11315050_pa2_cus\microsoft\windows\kernel\os2\vs\os2\debug\os2.tlog\link.read.1.tlog
d:\graduate\μc_os-ii\rtos_m11315050_pa2_cus\microsoft\windows\kernel\os2\vs\os2\debug\os2.tlog\link.secondary.1.tlog
d:\graduate\μc_os-ii\rtos_m11315050_pa2_cus\microsoft\windows\kernel\os2\vs\os2\debug\os2.tlog\link.write.1.tlog
